// Vitest Snapshot v1, https://vitest.dev/guide/snapshot.html

exports[`matches snapshot 1`] = `
<div>
  <div
    class="Card"
  >
    <h4
      class="Card-title"
    >
      Photo by Richard Pasquarella on Unsplash
    </h4>
    <img
      alt="Photo by Richard Pasquarella on Unsplash"
      class="Card-image"
      src="/src/image1.jpg"
    />
    <small
      class="Card-small"
    >
      Image 
      1
       of 
      3
      .
    </small>
  </div>
</div>
`;
